Analysis & Synthesis report for trans
Wed Jan 23 16:38:27 2019
Quartus II 32-bit Version 13.0.1 Build 232 06/12/2013 Service Pack 1.78 SJ Web Edition


---------------------
; Table of Contents ;
---------------------
  1. Legal Notice
  2. Analysis & Synthesis Summary
  3. Analysis & Synthesis Settings
  4. Parallel Compilation
  5. Analysis & Synthesis Source Files Read
  6. Analysis & Synthesis Resource Usage Summary
  7. Analysis & Synthesis Resource Utilization by Entity
  8. User-Specified and Inferred Latches
  9. Registers Removed During Synthesis
 10. General Register Statistics
 11. Port Connectivity Checks: "resultado:RES"
 12. Elapsed Time Per Partition
 13. Analysis & Synthesis Messages



----------------
; Legal Notice ;
----------------
Copyright (C) 1991-2013 Altera Corporation
Your use of Altera Corporation's design tools, logic functions 
and other software and tools, and its AMPP partner logic 
functions, and any output files from any of the foregoing 
(including device programming or simulation files), and any 
associated documentation or information are expressly subject 
to the terms and conditions of the Altera Program License 
Subscription Agreement, Altera MegaCore Function License 
Agreement, or other applicable license agreement, including, 
without limitation, that your use is for the sole purpose of 
programming logic devices manufactured by Altera and sold by 
Altera or its authorized distributors.  Please refer to the 
applicable agreement for further details.



+-----------------------------------------------------------------------------------------+
; Analysis & Synthesis Summary                                                            ;
+------------------------------------+----------------------------------------------------+
; Analysis & Synthesis Status        ; Successful - Wed Jan 23 16:38:27 2019              ;
; Quartus II 32-bit Version          ; 13.0.1 Build 232 06/12/2013 SP 1.78 SJ Web Edition ;
; Revision Name                      ; trans                                              ;
; Top-level Entity Name              ; trans                                              ;
; Family                             ; Cyclone II                                         ;
; Total logic elements               ; 7,174                                              ;
;     Total combinational functions  ; 7,174                                              ;
;     Dedicated logic registers      ; 49                                                 ;
; Total registers                    ; 49                                                 ;
; Total pins                         ; 68                                                 ;
; Total virtual pins                 ; 0                                                  ;
; Total memory bits                  ; 0                                                  ;
; Embedded Multiplier 9-bit elements ; 0                                                  ;
; Total PLLs                         ; 0                                                  ;
+------------------------------------+----------------------------------------------------+


+----------------------------------------------------------------------------------------------------------------------+
; Analysis & Synthesis Settings                                                                                        ;
+----------------------------------------------------------------------------+--------------------+--------------------+
; Option                                                                     ; Setting            ; Default Value      ;
+----------------------------------------------------------------------------+--------------------+--------------------+
; Device                                                                     ; EP2C35F672C6       ;                    ;
; Top-level entity name                                                      ; trans              ; trans              ;
; Family name                                                                ; Cyclone II         ; Cyclone IV GX      ;
; Use smart compilation                                                      ; Off                ; Off                ;
; Enable parallel Assembler and TimeQuest Timing Analyzer during compilation ; On                 ; On                 ;
; Enable compact report table                                                ; Off                ; Off                ;
; Restructure Multiplexers                                                   ; Auto               ; Auto               ;
; Create Debugging Nodes for IP Cores                                        ; Off                ; Off                ;
; Preserve fewer node names                                                  ; On                 ; On                 ;
; Disable OpenCore Plus hardware evaluation                                  ; Off                ; Off                ;
; Verilog Version                                                            ; Verilog_2001       ; Verilog_2001       ;
; VHDL Version                                                               ; VHDL_1993          ; VHDL_1993          ;
; State Machine Processing                                                   ; Auto               ; Auto               ;
; Safe State Machine                                                         ; Off                ; Off                ;
; Extract Verilog State Machines                                             ; On                 ; On                 ;
; Extract VHDL State Machines                                                ; On                 ; On                 ;
; Ignore Verilog initial constructs                                          ; Off                ; Off                ;
; Iteration limit for constant Verilog loops                                 ; 5000               ; 5000               ;
; Iteration limit for non-constant Verilog loops                             ; 250                ; 250                ;
; Add Pass-Through Logic to Inferred RAMs                                    ; On                 ; On                 ;
; Infer RAMs from Raw Logic                                                  ; On                 ; On                 ;
; Parallel Synthesis                                                         ; On                 ; On                 ;
; DSP Block Balancing                                                        ; Auto               ; Auto               ;
; NOT Gate Push-Back                                                         ; On                 ; On                 ;
; Power-Up Don't Care                                                        ; On                 ; On                 ;
; Remove Redundant Logic Cells                                               ; Off                ; Off                ;
; Remove Duplicate Registers                                                 ; On                 ; On                 ;
; Ignore CARRY Buffers                                                       ; Off                ; Off                ;
; Ignore CASCADE Buffers                                                     ; Off                ; Off                ;
; Ignore GLOBAL Buffers                                                      ; Off                ; Off                ;
; Ignore ROW GLOBAL Buffers                                                  ; Off                ; Off                ;
; Ignore LCELL Buffers                                                       ; Off                ; Off                ;
; Ignore SOFT Buffers                                                        ; On                 ; On                 ;
; Limit AHDL Integers to 32 Bits                                             ; Off                ; Off                ;
; Optimization Technique                                                     ; Balanced           ; Balanced           ;
; Carry Chain Length                                                         ; 70                 ; 70                 ;
; Auto Carry Chains                                                          ; On                 ; On                 ;
; Auto Open-Drain Pins                                                       ; On                 ; On                 ;
; Perform WYSIWYG Primitive Resynthesis                                      ; Off                ; Off                ;
; Auto ROM Replacement                                                       ; On                 ; On                 ;
; Auto RAM Replacement                                                       ; On                 ; On                 ;
; Auto Shift Register Replacement                                            ; Auto               ; Auto               ;
; Allow Shift Register Merging across Hierarchies                            ; Auto               ; Auto               ;
; Auto Clock Enable Replacement                                              ; On                 ; On                 ;
; Strict RAM Replacement                                                     ; Off                ; Off                ;
; Allow Synchronous Control Signals                                          ; On                 ; On                 ;
; Force Use of Synchronous Clear Signals                                     ; Off                ; Off                ;
; Auto RAM to Logic Cell Conversion                                          ; Off                ; Off                ;
; Auto Resource Sharing                                                      ; Off                ; Off                ;
; Allow Any RAM Size For Recognition                                         ; Off                ; Off                ;
; Allow Any ROM Size For Recognition                                         ; Off                ; Off                ;
; Allow Any Shift Register Size For Recognition                              ; Off                ; Off                ;
; Use LogicLock Constraints during Resource Balancing                        ; On                 ; On                 ;
; Ignore translate_off and synthesis_off directives                          ; Off                ; Off                ;
; Timing-Driven Synthesis                                                    ; Off                ; Off                ;
; Report Parameter Settings                                                  ; On                 ; On                 ;
; Report Source Assignments                                                  ; On                 ; On                 ;
; Report Connectivity Checks                                                 ; On                 ; On                 ;
; Ignore Maximum Fan-Out Assignments                                         ; Off                ; Off                ;
; Synchronization Register Chain Length                                      ; 2                  ; 2                  ;
; PowerPlay Power Optimization                                               ; Normal compilation ; Normal compilation ;
; HDL message level                                                          ; Level2             ; Level2             ;
; Suppress Register Optimization Related Messages                            ; Off                ; Off                ;
; Number of Removed Registers Reported in Synthesis Report                   ; 5000               ; 5000               ;
; Number of Swept Nodes Reported in Synthesis Report                         ; 5000               ; 5000               ;
; Number of Inverted Registers Reported in Synthesis Report                  ; 100                ; 100                ;
; Clock MUX Protection                                                       ; On                 ; On                 ;
; Auto Gated Clock Conversion                                                ; Off                ; Off                ;
; Block Design Naming                                                        ; Auto               ; Auto               ;
; SDC constraint protection                                                  ; Off                ; Off                ;
; Synthesis Effort                                                           ; Auto               ; Auto               ;
; Shift Register Replacement - Allow Asynchronous Clear Signal               ; On                 ; On                 ;
; Pre-Mapping Resynthesis Optimization                                       ; Off                ; Off                ;
; Analysis & Synthesis Message Level                                         ; Medium             ; Medium             ;
; Disable Register Merging Across Hierarchies                                ; Auto               ; Auto               ;
; Resource Aware Inference For Block RAM                                     ; On                 ; On                 ;
; Synthesis Seed                                                             ; 1                  ; 1                  ;
+----------------------------------------------------------------------------+--------------------+--------------------+


Parallel compilation was disabled, but you have multiple processors available. Enable parallel compilation to reduce compilation time.
+-------------------------------------+
; Parallel Compilation                ;
+----------------------------+--------+
; Processors                 ; Number ;
+----------------------------+--------+
; Number detected on machine ; 4      ;
; Maximum allowed            ; 1      ;
+----------------------------+--------+


+--------------------------------------------------------------------------------------------------------------------------------------------+
; Analysis & Synthesis Source Files Read                                                                                                     ;
+----------------------------------+-----------------+-----------------+-----------------------------------------------------------+---------+
; File Name with User-Entered Path ; Used in Netlist ; File Type       ; File Name with Absolute Path                              ; Library ;
+----------------------------------+-----------------+-----------------+-----------------------------------------------------------+---------+
; trans.vhdl                       ; yes             ; User VHDL File  ; /home/aleatana/Documents/pt/trans/Paso0/trans.vhdl        ;         ;
; datos.vhdl                       ; yes             ; User VHDL File  ; /home/aleatana/Documents/pt/trans/Paso0/datos.vhdl        ;         ;
; control.vhdl                     ; yes             ; User VHDL File  ; /home/aleatana/Documents/pt/trans/Paso0/control.vhdl      ;         ;
; resultado.vhdl                   ; yes             ; User VHDL File  ; /home/aleatana/Documents/pt/trans/Paso0/resultado.vhdl    ;         ;
; bib_mult.vhdl                    ; yes             ; User VHDL File  ; /home/aleatana/Documents/pt/trans/Paso0/bib_mult.vhdl     ;         ;
; contMod11.vhdl                   ; yes             ; User VHDL File  ; /home/aleatana/Documents/pt/trans/Paso0/contMod11.vhdl    ;         ;
; contMod250.vhdl                  ; yes             ; User VHDL File  ; /home/aleatana/Documents/pt/trans/Paso0/contMod250.vhdl   ;         ;
; coeficientes.vhdl                ; yes             ; User VHDL File  ; /home/aleatana/Documents/pt/trans/Paso0/coeficientes.vhdl ;         ;
+----------------------------------+-----------------+-----------------+-----------------------------------------------------------+---------+


+---------------------------------------------------------------------+
; Analysis & Synthesis Resource Usage Summary                         ;
+---------------------------------------------+-----------------------+
; Resource                                    ; Usage                 ;
+---------------------------------------------+-----------------------+
; Estimated Total logic elements              ; 7,174                 ;
;                                             ;                       ;
; Total combinational functions               ; 7174                  ;
; Logic element usage by number of LUT inputs ;                       ;
;     -- 4 input functions                    ; 2991                  ;
;     -- 3 input functions                    ; 4127                  ;
;     -- <=2 input functions                  ; 56                    ;
;                                             ;                       ;
; Logic elements by mode                      ;                       ;
;     -- normal mode                          ; 7128                  ;
;     -- arithmetic mode                      ; 46                    ;
;                                             ;                       ;
; Total registers                             ; 49                    ;
;     -- Dedicated logic registers            ; 49                    ;
;     -- I/O registers                        ; 0                     ;
;                                             ;                       ;
; I/O pins                                    ; 68                    ;
; Embedded Multiplier 9-bit elements          ; 0                     ;
; Maximum fan-out node                        ; resultado:RES|Add0~22 ;
; Maximum fan-out                             ; 491                   ;
; Total fan-out                               ; 24699                 ;
; Average fan-out                             ; 3.39                  ;
+---------------------------------------------+-----------------------+


+------------------------------------------------------------------------------------------------------------------------------------------------------------------------------------+
; Analysis & Synthesis Resource Utilization by Entity                                                                                                                                ;
+----------------------------+-------------------+--------------+-------------+--------------+---------+-----------+------+--------------+----------------------------+--------------+
; Compilation Hierarchy Node ; LC Combinationals ; LC Registers ; Memory Bits ; DSP Elements ; DSP 9x9 ; DSP 18x18 ; Pins ; Virtual Pins ; Full Hierarchy Name        ; Library Name ;
+----------------------------+-------------------+--------------+-------------+--------------+---------+-----------+------+--------------+----------------------------+--------------+
; |trans                     ; 7174 (333)        ; 49 (27)      ; 0           ; 0            ; 0       ; 0         ; 68   ; 0            ; |trans                     ; work         ;
;    |coeficientes:COE|      ; 2 (2)             ; 0 (0)        ; 0           ; 0            ; 0       ; 0         ; 0    ; 0            ; |trans|coeficientes:COE    ; work         ;
;    |contMod11:CONT11|      ; 4 (4)             ; 4 (4)        ; 0           ; 0            ; 0       ; 0         ; 0    ; 0            ; |trans|contMod11:CONT11    ; work         ;
;    |contMod250:CONT250D|   ; 10 (10)           ; 8 (8)        ; 0           ; 0            ; 0       ; 0         ; 0    ; 0            ; |trans|contMod250:CONT250D ; work         ;
;    |contMod250:CONT250R|   ; 10 (10)           ; 8 (8)        ; 0           ; 0            ; 0       ; 0         ; 0    ; 0            ; |trans|contMod250:CONT250R ; work         ;
;    |control:CTRL|          ; 2 (2)             ; 2 (2)        ; 0           ; 0            ; 0       ; 0         ; 0    ; 0            ; |trans|control:CTRL        ; work         ;
;    |datos:DAT|             ; 365 (365)         ; 0 (0)        ; 0           ; 0            ; 0       ; 0         ; 0    ; 0            ; |trans|datos:DAT           ; work         ;
;    |resultado:RES|         ; 6448 (6448)       ; 0 (0)        ; 0           ; 0            ; 0       ; 0         ; 0    ; 0            ; |trans|resultado:RES       ; work         ;
+----------------------------+-------------------+--------------+-------------+--------------+---------+-----------+------+--------------+----------------------------+--------------+
Note: For table entries with two numbers listed, the numbers in parentheses indicate the number of resources of the given type used by the specific entity alone. The numbers listed outside of parentheses indicate the total resources of the given type used by the specific entity and all of its sub-entities in the hierarchy.


+------------------------------------------------------------------------------------------------------+
; User-Specified and Inferred Latches                                                                  ;
+-------------------------------------------------------+---------------------+------------------------+
; Latch Name                                            ; Latch Enable Signal ; Free of Timing Hazards ;
+-------------------------------------------------------+---------------------+------------------------+
; resultado:RES|res~2490                                ; rtl~0               ; yes                    ;
; resultado:RES|cont[1]                                 ; control:CTRL|wr     ; yes                    ;
; resultado:RES|cont[0]                                 ; control:CTRL|wr     ; yes                    ;
; resultado:RES|cont[2]                                 ; control:CTRL|wr     ; yes                    ;
; resultado:RES|cont[3]                                 ; control:CTRL|wr     ; yes                    ;
; resultado:RES|cont[4]                                 ; control:CTRL|wr     ; yes                    ;
; resultado:RES|cont[5]                                 ; control:CTRL|wr     ; yes                    ;
; resultado:RES|cont[6]                                 ; control:CTRL|wr     ; yes                    ;
; resultado:RES|cont[7]                                 ; control:CTRL|wr     ; yes                    ;
; resultado:RES|res~2475                                ; rtl~1               ; yes                    ;
; resultado:RES|res~2460                                ; rtl~2               ; yes                    ;
; resultado:RES|res~2505                                ; rtl~3               ; yes                    ;
; resultado:RES|res~2535                                ; rtl~4               ; yes                    ;
; resultado:RES|res~2550                                ; rtl~5               ; yes                    ;
; resultado:RES|res~2520                                ; rtl~6               ; yes                    ;
; resultado:RES|res~2565                                ; rtl~7               ; yes                    ;
; resultado:RES|res~2415                                ; rtl~8               ; yes                    ;
; resultado:RES|res~2430                                ; rtl~9               ; yes                    ;
; resultado:RES|res~2400                                ; rtl~10              ; yes                    ;
; resultado:RES|res~2445                                ; rtl~11              ; yes                    ;
; resultado:RES|res~2610                                ; rtl~12              ; yes                    ;
; resultado:RES|res~2595                                ; rtl~13              ; yes                    ;
; resultado:RES|res~2580                                ; rtl~14              ; yes                    ;
; resultado:RES|res~2625                                ; rtl~15              ; yes                    ;
; resultado:RES|res~1530                                ; rtl~16              ; yes                    ;
; resultado:RES|res~1590                                ; rtl~17              ; yes                    ;
; resultado:RES|res~1470                                ; rtl~18              ; yes                    ;
; resultado:RES|res~1650                                ; rtl~19              ; yes                    ;
; resultado:RES|res~1575                                ; rtl~20              ; yes                    ;
; resultado:RES|res~1515                                ; rtl~21              ; yes                    ;
; resultado:RES|res~1455                                ; rtl~22              ; yes                    ;
; resultado:RES|res~1635                                ; rtl~23              ; yes                    ;
; resultado:RES|res~1500                                ; rtl~24              ; yes                    ;
; resultado:RES|res~1560                                ; rtl~25              ; yes                    ;
; resultado:RES|res~1440                                ; rtl~26              ; yes                    ;
; resultado:RES|res~1620                                ; rtl~27              ; yes                    ;
; resultado:RES|res~1605                                ; rtl~28              ; yes                    ;
; resultado:RES|res~1545                                ; rtl~29              ; yes                    ;
; resultado:RES|res~1485                                ; rtl~30              ; yes                    ;
; resultado:RES|res~1665                                ; rtl~31              ; yes                    ;
; resultado:RES|res~615                                 ; rtl~32              ; yes                    ;
; resultado:RES|res~555                                 ; rtl~33              ; yes                    ;
; resultado:RES|res~495                                 ; rtl~34              ; yes                    ;
; resultado:RES|res~675                                 ; rtl~35              ; yes                    ;
; resultado:RES|res~570                                 ; rtl~36              ; yes                    ;
; resultado:RES|res~630                                 ; rtl~37              ; yes                    ;
; resultado:RES|res~510                                 ; rtl~38              ; yes                    ;
; resultado:RES|res~690                                 ; rtl~39              ; yes                    ;
; resultado:RES|res~540                                 ; rtl~40              ; yes                    ;
; resultado:RES|res~600                                 ; rtl~41              ; yes                    ;
; resultado:RES|res~480                                 ; rtl~42              ; yes                    ;
; resultado:RES|res~660                                 ; rtl~43              ; yes                    ;
; resultado:RES|res~645                                 ; rtl~44              ; yes                    ;
; resultado:RES|res~585                                 ; rtl~45              ; yes                    ;
; resultado:RES|res~525                                 ; rtl~46              ; yes                    ;
; resultado:RES|res~705                                 ; rtl~47              ; yes                    ;
; resultado:RES|res~3435                                ; rtl~48              ; yes                    ;
; resultado:RES|res~3495                                ; rtl~49              ; yes                    ;
; resultado:RES|res~3375                                ; rtl~50              ; yes                    ;
; resultado:RES|res~3555                                ; rtl~51              ; yes                    ;
; resultado:RES|res~3510                                ; rtl~52              ; yes                    ;
; resultado:RES|res~3450                                ; rtl~53              ; yes                    ;
; resultado:RES|res~3390                                ; rtl~54              ; yes                    ;
; resultado:RES|res~3570                                ; rtl~55              ; yes                    ;
; resultado:RES|res~3480                                ; rtl~56              ; yes                    ;
; resultado:RES|res~3420                                ; rtl~57              ; yes                    ;
; resultado:RES|res~3360                                ; rtl~58              ; yes                    ;
; resultado:RES|res~3540                                ; rtl~59              ; yes                    ;
; resultado:RES|res~3465                                ; rtl~60              ; yes                    ;
; resultado:RES|res~3525                                ; rtl~61              ; yes                    ;
; resultado:RES|res~3405                                ; rtl~62              ; yes                    ;
; resultado:RES|res~3585                                ; rtl~63              ; yes                    ;
; resultado:RES|res~1335                                ; rtl~64              ; yes                    ;
; resultado:RES|res~1275                                ; rtl~65              ; yes                    ;
; resultado:RES|res~1215                                ; rtl~66              ; yes                    ;
; resultado:RES|res~1395                                ; rtl~67              ; yes                    ;
; resultado:RES|res~2235                                ; rtl~68              ; yes                    ;
; resultado:RES|res~2295                                ; rtl~69              ; yes                    ;
; resultado:RES|res~2175                                ; rtl~70              ; yes                    ;
; resultado:RES|res~2355                                ; rtl~71              ; yes                    ;
; resultado:RES|res~315                                 ; rtl~72              ; yes                    ;
; resultado:RES|res~375                                 ; rtl~73              ; yes                    ;
; resultado:RES|res~255                                 ; rtl~74              ; yes                    ;
; resultado:RES|res~435                                 ; rtl~75              ; yes                    ;
; resultado:RES|res~3255                                ; rtl~76              ; yes                    ;
; resultado:RES|res~3195                                ; rtl~77              ; yes                    ;
; resultado:RES|res~3135                                ; rtl~78              ; yes                    ;
; resultado:RES|res~3315                                ; rtl~79              ; yes                    ;
; resultado:RES|res~2250                                ; rtl~80              ; yes                    ;
; resultado:RES|res~2310                                ; rtl~81              ; yes                    ;
; resultado:RES|res~2190                                ; rtl~82              ; yes                    ;
; resultado:RES|res~2370                                ; rtl~83              ; yes                    ;
; resultado:RES|res~1350                                ; rtl~84              ; yes                    ;
; resultado:RES|res~1290                                ; rtl~85              ; yes                    ;
; resultado:RES|res~1230                                ; rtl~86              ; yes                    ;
; resultado:RES|res~1410                                ; rtl~87              ; yes                    ;
; resultado:RES|res~330                                 ; rtl~88              ; yes                    ;
; resultado:RES|res~390                                 ; rtl~89              ; yes                    ;
; resultado:RES|res~270                                 ; rtl~90              ; yes                    ;
; resultado:RES|res~450                                 ; rtl~91              ; yes                    ;
; Number of user-specified and inferred latches = 3848  ;                     ;                        ;
+-------------------------------------------------------+---------------------+------------------------+
Table restricted to first 100 entries. Note: All latches listed above may not be present at the end of synthesis due to various synthesis optimizations.


+---------------------------------------------------------------------------+
; Registers Removed During Synthesis                                        ;
+---------------------------------------+-----------------------------------+
; Register name                         ; Reason for Removal                ;
+---------------------------------------+-----------------------------------+
; control:CTRL|enable250d               ; Merged with control:CTRL|enable11 ;
; control:CTRL|enable250r               ; Merged with control:CTRL|enable11 ;
; Total Number of Removed Registers = 2 ;                                   ;
+---------------------------------------+-----------------------------------+


+------------------------------------------------------+
; General Register Statistics                          ;
+----------------------------------------------+-------+
; Statistic                                    ; Value ;
+----------------------------------------------+-------+
; Total registers                              ; 49    ;
; Number of registers using Synchronous Clear  ; 0     ;
; Number of registers using Synchronous Load   ; 16    ;
; Number of registers using Asynchronous Clear ; 47    ;
; Number of registers using Asynchronous Load  ; 0     ;
; Number of registers using Clock Enable       ; 22    ;
; Number of registers using Preset             ; 0     ;
+----------------------------------------------+-------+


+------------------------------------------------------------------------------------------------------------------------+
; Port Connectivity Checks: "resultado:RES"                                                                              ;
+--------------+--------+----------+-------------------------------------------------------------------------------------+
; Port         ; Type   ; Severity ; Details                                                                             ;
+--------------+--------+----------+-------------------------------------------------------------------------------------+
; din[39..16]  ; Input  ; Info     ; Stuck at GND                                                                        ;
; dout[39..16] ; Output ; Info     ; Connected to dangling logic. Logic that only feeds a dangling port will be removed. ;
+--------------+--------+----------+-------------------------------------------------------------------------------------+


+-------------------------------+
; Elapsed Time Per Partition    ;
+----------------+--------------+
; Partition Name ; Elapsed Time ;
+----------------+--------------+
; Top            ; 00:00:43     ;
+----------------+--------------+


+-------------------------------+
; Analysis & Synthesis Messages ;
+-------------------------------+
Info: *******************************************************************
Info: Running Quartus II 32-bit Analysis & Synthesis
    Info: Version 13.0.1 Build 232 06/12/2013 Service Pack 1.78 SJ Web Edition
    Info: Copyright (C) 1991-2013 Altera Corporation. All rights reserved.
    Info: Your use of Altera Corporation's design tools, logic functions 
    Info: and other software and tools, and its AMPP partner logic 
    Info: functions, and any output files from any of the foregoing 
    Info: (including device programming or simulation files), and any 
    Info: associated documentation or information are expressly subject 
    Info: to the terms and conditions of the Altera Program License 
    Info: Subscription Agreement, Altera MegaCore Function License 
    Info: Agreement, or other applicable license agreement, including, 
    Info: without limitation, that your use is for the sole purpose of 
    Info: programming logic devices manufactured by Altera and sold by 
    Info: Altera or its authorized distributors.  Please refer to the 
    Info: applicable agreement for further details.
    Info: Processing started: Wed Jan 23 16:37:37 2019
Info: Command: quartus_map --read_settings_files=on --write_settings_files=off trans -c trans
Warning (20028): Parallel compilation is not licensed and has been disabled
Info (12021): Found 2 design units, including 1 entities, in source file trans.vhdl
    Info (12022): Found design unit 1: trans-beh
    Info (12023): Found entity 1: trans
Info (12021): Found 2 design units, including 1 entities, in source file datos.vhdl
    Info (12022): Found design unit 1: datos-beh
    Info (12023): Found entity 1: datos
Info (12021): Found 2 design units, including 1 entities, in source file control.vhdl
    Info (12022): Found design unit 1: control-beh
    Info (12023): Found entity 1: control
Info (12021): Found 2 design units, including 1 entities, in source file resultado.vhdl
    Info (12022): Found design unit 1: resultado-beh
    Info (12023): Found entity 1: resultado
Info (12021): Found 2 design units, including 0 entities, in source file bib_mult.vhdl
    Info (12022): Found design unit 1: bib_mult
    Info (12022): Found design unit 2: bib_mult-body
Info (12021): Found 2 design units, including 1 entities, in source file contMod11.vhdl
    Info (12022): Found design unit 1: contMod11-beh
    Info (12023): Found entity 1: contMod11
Info (12021): Found 2 design units, including 1 entities, in source file contMod250.vhdl
    Info (12022): Found design unit 1: contMod250-beh
    Info (12023): Found entity 1: contMod250
Info (12021): Found 2 design units, including 1 entities, in source file coeficientes.vhdl
    Info (12022): Found design unit 1: coeficientes-beh
    Info (12023): Found entity 1: coeficientes
Info (12127): Elaborating entity "trans" for the top level hierarchy
Info (12128): Elaborating entity "datos" for hierarchy "datos:DAT"
Info (12128): Elaborating entity "resultado" for hierarchy "resultado:RES"
Warning (10631): VHDL Process Statement warning at resultado.vhdl(21): inferring latch(es) for signal or variable "cont", which holds its previous value in one or more paths through the process
Warning (10492): VHDL Process Statement warning at resultado.vhdl(32): signal "res" is read inside the Process Statement but isn't in the Process Statement's sensitivity list
Warning (10492): VHDL Process Statement warning at resultado.vhdl(34): signal "res" is read inside the Process Statement but isn't in the Process Statement's sensitivity list
Info (10041): Inferred latch for "cont[0]" at resultado.vhdl(21)
Info (10041): Inferred latch for "cont[1]" at resultado.vhdl(21)
Info (10041): Inferred latch for "cont[2]" at resultado.vhdl(21)
Info (10041): Inferred latch for "cont[3]" at resultado.vhdl(21)
Info (10041): Inferred latch for "cont[4]" at resultado.vhdl(21)
Info (10041): Inferred latch for "cont[5]" at resultado.vhdl(21)
Info (10041): Inferred latch for "cont[6]" at resultado.vhdl(21)
Info (10041): Inferred latch for "cont[7]" at resultado.vhdl(21)
Info (12128): Elaborating entity "contMod11" for hierarchy "contMod11:CONT11"
Info (12128): Elaborating entity "contMod250" for hierarchy "contMod250:CONT250D"
Info (12128): Elaborating entity "control" for hierarchy "control:CTRL"
Info (12128): Elaborating entity "coeficientes" for hierarchy "coeficientes:COE"
Info (276014): Found 1 instances of uninferred RAM logic
    Info (276004): RAM logic "coeficientes:COE|coefi" is uninferred due to inappropriate RAM size
Warning (113028): 5 out of 16 addresses are uninitialized. The Quartus II software will initialize them to "0". There are 1 warnings found, and 1 warnings are reported.
    Warning (113027): Addresses ranging from 11 to 15 are not initialized
Warning (13024): Output pins are stuck at VCC or GND
    Warning (13410): Pin "datout5[0]" is stuck at GND
    Warning (13410): Pin "datout6[0]" is stuck at GND
    Warning (13410): Pin "datout7[1]" is stuck at GND
    Warning (13410): Pin "datout7[2]" is stuck at GND
Info (16010): Generating hard_block partition "hard_block:auto_generated_inst"
    Info (16011): Adding 0 node(s), including 0 DDIO, 0 PLL, 0 transceiver and 0 LCELL
Info (21057): Implemented 7263 device resources after synthesis - the final resource count might be different
    Info (21058): Implemented 2 input pins
    Info (21059): Implemented 66 output pins
    Info (21061): Implemented 7195 logic cells
Info: Quartus II 32-bit Analysis & Synthesis was successful. 0 errors, 11 warnings
    Info: Peak virtual memory: 370 megabytes
    Info: Processing ended: Wed Jan 23 16:38:27 2019
    Info: Elapsed time: 00:00:50
    Info: Total CPU time (on all processors): 00:00:50


